<html>
<head>
<title>Basic Test Page</title>
</head>
<body>
<h1>Basic Test Page</h1>
</body>
</html>
