<!DOCTYPE html><head><meta http-equiv="Content-type" content="text/html;charset=UTF-8"/><meta http-equiv="X-UA-Compatible" content="IE=edge,chrome=1"/><meta name="viewport" content="width=device-width, initial-scale=1, minimum-scale=1, maximum-scale=1"><link rel="stylesheet" href="//i.po.st/static/css/base.css"><title>Redirecting...</title><script type="text/javascript" src="//i.po.st/static/script/modernizr.js"></script><style type="text/css">.ra1-pw-logImage {
	          position: absolute !important;
	          left: -9999px !important;
	          top: -9999px !important
	      }</style></head><body><script type="text/javascript">function goToUrl() { window.location.replace('http:\/\/trib.al\/QNAQUT9'); }</script><div style="font-family:Arial;height:30px;position:absolute;padding:10px;font-weight:bold">Redirecting...</div><script type="text/javascript">window.setTimeout(goToUrl,  2000.0 );</script><iframe src="//rp.gwallet.com/r1/pixel/x8208" width="0" height="0" class="ra1-pw-logImage"></iframe><script>document.getElementsByTagName('iframe')[0].onload = function() {goToUrl();}</script></body></html>